Serving C:\Users\user\OneDrive\Galvanic\Galvanic\Eva - Event\Lucky Draw Program\Lucky Draw Program_Jockey Club at http://127.0.0.1:8000/
26/Jun/2026 01:59:41 - "GET /pre_event_apply.html HTTP/1.1" 200 -
26/Jun/2026 02:23:01 - "GET /pre_event_apply.html HTTP/1.1" 200 -
26/Jun/2026 02:23:01 - "GET /pre_event_apply.css HTTP/1.1" 200 -
26/Jun/2026 02:23:01 - "GET /src/pre_event_apply_config.js HTTP/1.1" 200 -
26/Jun/2026 02:23:01 - "GET /src/pre_event_apply.js HTTP/1.1" 200 -
26/Jun/2026 02:23:09 - "GET / HTTP/1.1" 200 -
26/Jun/2026 02:23:09 - "GET /styles.css HTTP/1.1" 200 -
26/Jun/2026 02:23:09 - "GET /qrcode.min.js HTTP/1.1" 200 -
26/Jun/2026 02:23:09 - "GET /src/boot.js HTTP/1.1" 200 -
26/Jun/2026 02:23:09 - "GET /src/core_firebase.js HTTP/1.1" 200 -
26/Jun/2026 02:23:09 - "GET /src/admin_overlay.js HTTP/1.1" 200 -
26/Jun/2026 02:23:09 - "GET /src/fb.js HTTP/1.1" 200 -
26/Jun/2026 02:23:09 - "GET /src/ui_cms_firebase.js HTTP/1.1" 200 -
26/Jun/2026 02:23:09 - "GET /src/config.js HTTP/1.1" 200 -
26/Jun/2026 02:23:09 - "GET /src/reward_rounds_firebase.js HTTP/1.1" 200 -
26/Jun/2026 02:23:09 - "GET /src/stage_prizes_firebase.js HTTP/1.1" 200 -
26/Jun/2026 02:23:09 - "GET /src/roster_firebase.js HTTP/1.1" 200 -
26/Jun/2026 02:23:09 - "GET /src/stage_draw_ui.js HTTP/1.1" 200 -
26/Jun/2026 02:23:09 - "GET /src/stage_draw_logic.js HTTP/1.1" 200 -
26/Jun/2026 02:23:09 - "GET /src/events_admin.js HTTP/1.1" 200 -
26/Jun/2026 02:23:10 - "GET /src/surfaces_public_tablet.js HTTP/1.1" 200 -
26/Jun/2026 02:23:13 - "GET / HTTP/1.1" 200 -
26/Jun/2026 02:23:13 - "GET /styles.css HTTP/1.1" 200 -
26/Jun/2026 02:23:13 - "GET /qrcode.min.js HTTP/1.1" 200 -
26/Jun/2026 02:23:13 - "GET /src/boot.js HTTP/1.1" 200 -
26/Jun/2026 02:23:13 - "GET /src/core_firebase.js HTTP/1.1" 200 -
26/Jun/2026 02:23:13 - "GET /src/admin_overlay.js HTTP/1.1" 200 -
26/Jun/2026 02:23:13 - "GET /src/fb.js HTTP/1.1" 200 -
26/Jun/2026 02:23:13 - "GET /src/config.js HTTP/1.1" 200 -
26/Jun/2026 02:23:13 - "GET /src/ui_cms_firebase.js HTTP/1.1" 200 -
26/Jun/2026 02:23:13 - "GET /src/stage_prizes_firebase.js HTTP/1.1" 200 -
26/Jun/2026 02:23:13 - "GET /src/reward_rounds_firebase.js HTTP/1.1" 200 -
26/Jun/2026 02:23:13 - "GET /src/roster_firebase.js HTTP/1.1" 200 -
26/Jun/2026 02:23:13 - "GET /src/stage_draw_ui.js HTTP/1.1" 200 -
26/Jun/2026 02:23:13 - "GET /src/stage_draw_logic.js HTTP/1.1" 200 -
26/Jun/2026 02:23:13 - "GET /src/events_admin.js HTTP/1.1" 200 -
26/Jun/2026 02:23:14 - "GET /src/surfaces_public_tablet.js HTTP/1.1" 200 -
26/Jun/2026 02:23:17 - "GET / HTTP/1.1" 200 -
26/Jun/2026 02:23:17 - "GET /styles.css HTTP/1.1" 200 -
26/Jun/2026 02:23:17 - "GET /qrcode.min.js HTTP/1.1" 200 -
26/Jun/2026 02:23:17 - "GET /src/boot.js HTTP/1.1" 200 -
26/Jun/2026 02:23:17 - "GET /src/core_firebase.js HTTP/1.1" 200 -
26/Jun/2026 02:23:17 - "GET /src/admin_overlay.js HTTP/1.1" 200 -
26/Jun/2026 02:23:17 - "GET /src/fb.js HTTP/1.1" 200 -
26/Jun/2026 02:23:17 - "GET /src/ui_cms_firebase.js HTTP/1.1" 200 -
26/Jun/2026 02:23:17 - "GET /src/config.js HTTP/1.1" 200 -
26/Jun/2026 02:23:17 - "GET /src/roster_firebase.js HTTP/1.1" 200 -
26/Jun/2026 02:23:17 - "GET /src/reward_rounds_firebase.js HTTP/1.1" 200 -
26/Jun/2026 02:23:17 - "GET /src/stage_prizes_firebase.js HTTP/1.1" 200 -
26/Jun/2026 02:23:17 - "GET /src/stage_draw_ui.js HTTP/1.1" 200 -
26/Jun/2026 02:23:17 - "GET /src/stage_draw_logic.js HTTP/1.1" 200 -
26/Jun/2026 02:23:17 - "GET /src/events_admin.js HTTP/1.1" 200 -
26/Jun/2026 02:23:23 - "GET /src/surfaces_public_tablet.js HTTP/1.1" 200 -
26/Jun/2026 02:23:30 - "GET /pre_event_apply.html?event=empfc1ski HTTP/1.1" 200 -
26/Jun/2026 02:23:30 - "GET /pre_event_apply.css HTTP/1.1" 200 -
26/Jun/2026 02:23:30 - "GET /src/pre_event_apply_config.js HTTP/1.1" 200 -
26/Jun/2026 02:23:30 - "GET /src/pre_event_apply.js HTTP/1.1" 200 -
26/Jun/2026 02:25:35 - "GET /pre_event_apply.html?event=emqtu4j7m HTTP/1.1" 200 -
26/Jun/2026 02:25:35 - "GET /pre_event_apply.css HTTP/1.1" 200 -
26/Jun/2026 02:25:35 - "GET /src/pre_event_apply_config.js HTTP/1.1" 200 -
26/Jun/2026 02:25:35 - "GET /src/pre_event_apply.js HTTP/1.1" 200 -
26/Jun/2026 02:29:05 - "GET /pre_event_apply.html HTTP/1.1" 200 -
26/Jun/2026 02:29:23 - "GET /src/pre_event_apply_config.js HTTP/1.1" 200 -
26/Jun/2026 02:29:33 - "GET /pre_event_apply.html?event=emqtu4j7m HTTP/1.1" 200 -
26/Jun/2026 02:29:33 - "GET /pre_event_apply.css HTTP/1.1" 200 -
26/Jun/2026 02:29:33 - "GET /src/pre_event_apply_config.js HTTP/1.1" 200 -
26/Jun/2026 02:29:33 - "GET /src/pre_event_apply.js HTTP/1.1" 200 -
26/Jun/2026 02:30:02 - "GET /pre_event_admin.html?event=emqtu4j7m HTTP/1.1" 200 -
26/Jun/2026 02:30:02 - "GET /src/pre_event_apply_config.js HTTP/1.1" 200 -
26/Jun/2026 02:30:02 - "GET /pre_event_apply.css HTTP/1.1" 200 -
26/Jun/2026 02:30:02 - "GET /src/pre_event_admin.js HTTP/1.1" 200 -
26/Jun/2026 02:31:15 - "GET /pre_event_apply.html?event=emqtu4j7m HTTP/1.1" 200 -
26/Jun/2026 02:31:15 - "GET /pre_event_apply.css HTTP/1.1" 200 -
26/Jun/2026 02:31:15 - "GET /src/pre_event_apply.js HTTP/1.1" 200 -
26/Jun/2026 02:31:15 - "GET /src/pre_event_apply_config.js HTTP/1.1" 200 -
26/Jun/2026 02:32:07 - "GET /pre_event_apply.html?event=emqtu4j7m HTTP/1.1" 200 -
26/Jun/2026 02:32:07 - "GET /pre_event_apply.css HTTP/1.1" 200 -
26/Jun/2026 02:32:07 - "GET /src/pre_event_apply_config.js HTTP/1.1" 200 -
26/Jun/2026 02:32:07 - "GET /src/pre_event_apply.js HTTP/1.1" 200 -
26/Jun/2026 02:34:07 - "GET /pre_event_apply.html HTTP/1.1" 200 -
26/Jun/2026 02:34:35 - "GET /src/pre_event_apply.js HTTP/1.1" 200 -
26/Jun/2026 02:34:48 - "GET /pre_event_apply.html?event=emqtu4j7m HTTP/1.1" 200 -
26/Jun/2026 02:34:48 - "GET /pre_event_apply.css HTTP/1.1" 200 -
26/Jun/2026 02:34:48 - "GET /src/pre_event_apply_config.js HTTP/1.1" 200 -
26/Jun/2026 02:34:48 - "GET /src/pre_event_apply.js HTTP/1.1" 200 -
26/Jun/2026 02:35:17 - "GET /pre_event_apply.html?event=emqtu4j7m HTTP/1.1" 200 -
26/Jun/2026 02:35:17 - "GET /pre_event_apply.css HTTP/1.1" 200 -
26/Jun/2026 02:35:17 - "GET /src/pre_event_apply_config.js HTTP/1.1" 200 -
26/Jun/2026 02:35:17 - "GET /src/pre_event_apply.js HTTP/1.1" 200 -
26/Jun/2026 02:35:27 - "GET /pre_event_apply.html?event=emqtu4j7m HTTP/1.1" 200 -
26/Jun/2026 02:35:27 - "GET /pre_event_apply.css HTTP/1.1" 200 -
26/Jun/2026 02:35:27 - "GET /src/pre_event_apply_config.js HTTP/1.1" 200 -
26/Jun/2026 02:35:27 - "GET /src/pre_event_apply.js HTTP/1.1" 200 -
26/Jun/2026 02:37:21 - "GET /src/pre_event_apply.js HTTP/1.1" 200 -
26/Jun/2026 02:37:35 - "GET /pre_event_apply.html?event=emqtu4j7m HTTP/1.1" 200 -
26/Jun/2026 02:37:35 - "GET /pre_event_apply.css HTTP/1.1" 200 -
26/Jun/2026 02:37:35 - "GET /src/pre_event_apply_config.js HTTP/1.1" 200 -
26/Jun/2026 02:37:35 - "GET /src/pre_event_apply.js HTTP/1.1" 200 -
26/Jun/2026 02:38:47 - "GET /pre_event_apply.html?event=emqtu4j7m HTTP/1.1" 200 -
26/Jun/2026 02:38:47 - "GET /pre_event_apply.css HTTP/1.1" 200 -
26/Jun/2026 02:38:47 - "GET /src/pre_event_apply_config.js HTTP/1.1" 200 -
26/Jun/2026 02:38:47 - "GET /src/pre_event_apply.js HTTP/1.1" 200 -
